Error: [GoogleGenerativeAI Error]: Error fetching from https://generativelanguage.googleapis.com/v1beta/models/gemini-1.5-flash:generateContent: [404 Not Found] models/gemini-1.5-flash is not found for API version v1beta, or is not supported for generateContent. Call ListModels to see the list of available models and their supported methods.
Stack: Error: [GoogleGenerativeAI Error]: Error fetching from https://generativelanguage.googleapis.com/v1beta/models/gemini-1.5-flash:generateContent: [404 Not Found] models/gemini-1.5-flash is not found for API version v1beta, or is not supported for generateContent. Call ListModels to see the list of available models and their supported methods.
    at handleResponseNotOk (D:\Innovate\backend\node_modules\@google\generative-ai\dist\index.js:434:11)
    at process.processTicksAndRejections (node:internal/process/task_queues:95:5)
    at async makeRequest (D:\Innovate\backend\node_modules\@google\generative-ai\dist\index.js:403:9)
    at async generateContent (D:\Innovate\backend\node_modules\@google\generative-ai\dist\index.js:867:22)
    at async analyzeTransactionsWithGemini (D:\Innovate\backend\src\services\ai.service.js:43:20)
    at async testAI (D:\Innovate\backend\reproduce_ai.js:13:24)
